// Jest Snapshot v1, https://goo.gl/fbAQLP

exports[`<VisiblePostActionBtn /> +++VisiblePostActionBtn Snapshot 1`] = `
<Col
  bsClass="col"
  className="bord-body"
  componentClass="div"
  lg={12}
>
  <ButtonGroup
    block={false}
    bsClass="btn-group"
    className="sponb-btn-group"
    justified={false}
    vertical={false}
  >
    <Button
      active={false}
      block={false}
      bsClass="btn"
      bsStyle="default"
      disabled={false}
      onClick={[MockFunction]}
    >
      <i
        className="far fa-heart"
      />
    </Button>
    <Button
      active={false}
      block={false}
      bsClass="btn"
      bsStyle="default"
      disabled={false}
      onClick={[MockFunction]}
    >
      <i
        className="far fa-comment"
      />
    </Button>
    <Button
      active={false}
      block={false}
      bsClass="btn"
      bsStyle="default"
      disabled={false}
    >
      <i
        className="far fa-share-square"
      />
    </Button>
  </ButtonGroup>
</Col>
`;
