// Jest Snapshot v1, https://goo.gl/fbAQLP

exports[`<CommentList /> +++ CommentList snapshot 1`] = `
<Col
  bsClass="col"
  className="comments"
  componentClass="div"
  lg={12}
>
  <ul
    className="list-unstyled"
  >
    <li
      key="0"
    >
      <p
        className="hidden-user"
      >
        seb
      </p>
      <span
        className="hidden-text"
      >
        hellow comment 1
      </span>
      <div
        className="hidden-box"
      >
        Thu Jul 26 2018 18:13:31 GMT+0900 (한국 표준시)
      </div>
    </li>
    <li
      key="1"
    >
      <p
        className="hidden-user"
      >
        ian
      </p>
      <span
        className="hidden-text"
      >
        hellow comment 2
      </span>
      <div
        className="hidden-box"
      >
        Thu Jul 26 2018 18:14:31 GMT+0900 (한국 표준시)
      </div>
    </li>
  </ul>
</Col>
`;
